BINARY/BINARY.pm		1.1.1.2
BINARY/MANIFEST			1.1
BINARY/Makefile.PL		1.1
BINARY/test.pl			1.1.1.2
COOSYS/COOSYS.pm		1.1.1.6
COOSYS/MANIFEST			1.1
COOSYS/Makefile.PL		1.1
COOSYS/test.pl			1.1.1.4
DATA/DATA.pm			1.1.1.6
DATA/MANIFEST			1.1
DATA/Makefile.PL		1.1
DATA/test.pl			1.1.1.4
DEFINITIONS/DEFINITIONS.pm	1.1.1.2
DEFINITIONS/MANIFEST		1.1
DEFINITIONS/Makefile.PL		1.1
DEFINITIONS/test.pl		1.1.1.2
DESCRIPTION/DESCRIPTION.pm	1.1.1.6
DESCRIPTION/MANIFEST		1.1
DESCRIPTION/Makefile.PL		1.1
DESCRIPTION/test.pl		1.1.1.4
Document/Document.pm		1.1.1.3
Document/MANIFEST		1.1
Document/Makefile.PL		1.1
Document/test.pl		1.1
Element/Element.pm		1.1.1.3
Element/MANIFEST		1.1
Element/Makefile.PL		1.1
Element/test.pl			1.1.1.3
FIELD/FIELD.pm			1.1.1.2
FIELD/MANIFEST			1.1
FIELD/Makefile.PL		1.1
FIELD/test.pl			1.1.1.2
FITS/FITS.pm			1.1.1.2
FITS/MANIFEST			1.1
FITS/Makefile.PL		1.1
FITS/test.pl			1.1.1.2
INFO/INFO.pm			1.1.1.4
INFO/MANIFEST			1.1
INFO/Makefile.PL		1.1
INFO/test.pl			1.1.1.4
LINK/LINK.pm			1.1.1.4
LINK/MANIFEST			1.1
LINK/Makefile.PL		1.1
LINK/test.pl			1.1.1.4
MANIFEST			1.1
MAX/MANIFEST			1.1
MAX/MAX.pm			1.1.1.4
MAX/Makefile.PL			1.1
MAX/test.pl			1.1.1.4
MIN/MANIFEST			1.1
MIN/MIN.pm			1.1.1.4
MIN/Makefile.PL			1.1
MIN/test.pl			1.1.1.4
Makefile.PL			1.1
OPTION/MANIFEST			1.1
OPTION/Makefile.PL		1.1
OPTION/OPTION.pm		1.1.1.2
OPTION/test.pl			1.1.1.2
PARAM/MANIFEST			1.1
PARAM/Makefile.PL		1.1
PARAM/PARAM.pm			1.1.1.2
PARAM/test.pl			1.1.1.2
RESOURCE/MANIFEST		1.1
RESOURCE/Makefile.PL		1.1
RESOURCE/RESOURCE.pm		1.1.1.2
RESOURCE/test.pl		1.1.1.2
STREAM/MANIFEST			1.1
STREAM/Makefile.PL		1.1
STREAM/STREAM.pm		1.1.1.4
STREAM/test.pl			1.1.1.3
TABLE/MANIFEST			1.1
TABLE/Makefile.PL		1.1
TABLE/TABLE.pm			1.1.1.7.1.2
TABLE/test.pl			1.1.1.5
TABLEDATA/MANIFEST		1.1
TABLEDATA/Makefile.PL		1.1
TABLEDATA/TABLEDATA.pm		1.1.1.6
TABLEDATA/test.pl		1.1.1.5
TD/MANIFEST			1.1
TD/Makefile.PL			1.1
TD/TD.pm			1.1.1.4
TD/test.pl			1.1.1.4
TR/MANIFEST			1.1
TR/Makefile.PL			1.1
TR/TR.pm			1.1.1.5
TR/test.pl			1.1.1.3
VALUES/MANIFEST			1.1
VALUES/Makefile.PL		1.1
VALUES/VALUES.pm		1.1.1.2
VALUES/test.pl			1.1.1.2
VOTABLE/MANIFEST		1.1
VOTABLE/Makefile.PL		1.1
VOTABLE/VOTABLE.pm		1.1.1.2
VOTABLE/test.pl			1.1.1.2
VOTable.pm			1.1.1.2
test.pl				1.1
