BINARY/BINARY.pm		1.1.1.8
BINARY/MANIFEST			1.1
BINARY/Makefile.PL		1.1
BINARY/test.pl			1.1.1.6
COOSYS/COOSYS.pm		1.1.1.12
COOSYS/MANIFEST			1.1
COOSYS/Makefile.PL		1.1
COOSYS/test.pl			1.1.1.9
DATA/DATA.pm			1.1.1.12
DATA/MANIFEST			1.1
DATA/Makefile.PL		1.1
DATA/test.pl			1.1.1.8
DEFINITIONS/DEFINITIONS.pm	1.1.1.8
DEFINITIONS/MANIFEST		1.1
DEFINITIONS/Makefile.PL		1.1
DEFINITIONS/test.pl		1.1.1.6
DESCRIPTION/DESCRIPTION.pm	1.1.1.10
DESCRIPTION/MANIFEST		1.1
DESCRIPTION/Makefile.PL		1.1
DESCRIPTION/test.pl		1.1.1.8
Document/Document.pm		1.1.1.9
Document/MANIFEST		1.1
Document/Makefile.PL		1.1
Document/test.pl		1.1.1.4
Element/Element.pm		1.1.1.16
Element/MANIFEST		1.1
Element/Makefile.PL		1.1
Element/test.pl			1.1.1.12
FIELD/FIELD.pm			1.1.1.9
FIELD/MANIFEST			1.1
FIELD/Makefile.PL		1.1
FIELD/test.pl			1.1.1.7
FITS/FITS.pm			1.1.1.9
FITS/MANIFEST			1.1
FITS/Makefile.PL		1.1
FITS/test.pl			1.1.1.7
INFO/INFO.pm			1.1.1.10
INFO/MANIFEST			1.1
INFO/Makefile.PL		1.1
INFO/test.pl			1.1.1.9
LINK/LINK.pm			1.1.1.10
LINK/MANIFEST			1.1
LINK/Makefile.PL		1.1
LINK/test.pl			1.1.1.9
MANIFEST			1.1
MAX/MANIFEST			1.1
MAX/MAX.pm			1.1.1.10
MAX/Makefile.PL			1.1
MAX/test.pl			1.1.1.9
MIN/MANIFEST			1.1
MIN/MIN.pm			1.1.1.10
MIN/Makefile.PL			1.1
MIN/test.pl			1.1.1.9
Makefile.PL			1.1
OPTION/MANIFEST			1.1
OPTION/Makefile.PL		1.1
OPTION/OPTION.pm		1.1.1.8
OPTION/test.pl			1.1.1.7
PARAM/MANIFEST			1.1
PARAM/Makefile.PL		1.1
PARAM/PARAM.pm			1.1.1.9
PARAM/test.pl			1.1.1.7
RESOURCE/MANIFEST		1.1
RESOURCE/Makefile.PL		1.1
RESOURCE/RESOURCE.pm		1.1.1.9
RESOURCE/test.pl		1.1.1.7
STREAM/MANIFEST			1.1
STREAM/Makefile.PL		1.1
STREAM/STREAM.pm		1.1.1.10
STREAM/test.pl			1.1.1.8
TABLE/MANIFEST			1.1
TABLE/Makefile.PL		1.1
TABLE/TABLE.pm			1.1.1.15
TABLE/test.pl			1.1.1.10
TABLEDATA/MANIFEST		1.1
TABLEDATA/Makefile.PL		1.1
TABLEDATA/TABLEDATA.pm		1.1.1.12
TABLEDATA/test.pl		1.1.1.8
TD/MANIFEST			1.1
TD/Makefile.PL			1.1
TD/TD.pm			1.1.1.10
TD/test.pl			1.1.1.9
TR/MANIFEST			1.1
TR/Makefile.PL			1.1
TR/TR.pm			1.1.1.11
TR/test.pl			1.1.1.7
VALUES/MANIFEST			1.1
VALUES/Makefile.PL		1.1
VALUES/VALUES.pm		1.1.1.9
VALUES/test.pl			1.1.1.7
VOTABLE/MANIFEST		1.1
VOTABLE/Makefile.PL		1.1
VOTABLE/VOTABLE.pm		1.1.1.9
VOTABLE/test.pl			1.1.1.7
VOTable.pm			1.1.1.2
test.pl				1.1
